/afs/athena.mit.edu/user/m/k/mkel/Desktop/6.111/finalproject/6.111/catch2/catch.ngc 1386563814
/afs/athena.mit.edu/user/m/k/mkel/Desktop/6.111/finalproject/6.111/sources/roms/soundrom/soundrom.ngc 1386562281
/afs/athena.mit.edu/user/m/k/mkel/Desktop/6.111/finalproject/6.111/sources/roms/open_hand_color_map/open_hand_color_map.ngc 1386186256
/afs/athena.mit.edu/user/m/k/mkel/Desktop/6.111/finalproject/6.111/sources/roms/holding_ball_color_map/holding_ball_color_map.ngc 1386187144
/afs/athena.mit.edu/user/m/k/mkel/Desktop/6.111/finalproject/6.111/sources/roms/closed_hand_color_map/closed_hand_color_map.ngc 1386448372
/afs/athena.mit.edu/user/m/k/mkel/Desktop/6.111/finalproject/6.111/sources/roms/open_hand_color_table/open_hand_color_table.ngc 1386185605
/afs/athena.mit.edu/user/m/k/mkel/Desktop/6.111/finalproject/6.111/sources/roms/holding_ball_color_table/holding_ball_color_table.ngc 1386187047
/afs/athena.mit.edu/user/m/k/mkel/Desktop/6.111/finalproject/6.111/sources/roms/closed_hand_color_table/closed_hand_color_table.ngc 1386447956
/afs/athena.mit.edu/user/m/k/mkel/Desktop/6.111/finalproject/6.111/sources/roms/open_hand_l_color_map/open_hand_l_color_map.ngc 1386188306
/afs/athena.mit.edu/user/m/k/mkel/Desktop/6.111/finalproject/6.111/sources/roms/holding_ball_l_color_map/holding_ball_l_color_map.ngc 1386188508
/afs/athena.mit.edu/user/m/k/mkel/Desktop/6.111/finalproject/6.111/sources/roms/closed_hand_l_color_map/closed_hand_l_color_map.ngc 1386448229
/afs/athena.mit.edu/user/m/k/mkel/Desktop/6.111/finalproject/6.111/sources/roms/holding_ball_l_color_table/holding_ball_l_color_table.ngc 1386188405
/afs/athena.mit.edu/user/m/k/mkel/Desktop/6.111/finalproject/6.111/sources/roms/ball_color_map/ball_color_map.ngc 1386033175
/afs/athena.mit.edu/user/m/k/mkel/Desktop/6.111/finalproject/6.111/sources/roms/ball_color_table/ball_color_table.ngc 1386032869
OK
