--------------------------------------------------------------------------------
Release 10.1.03 Trace  (lin64)
Copyright (c) 1995-2008 Xilinx, Inc.  All rights reserved.

/afs/csail.mit.edu/proj/redsocs/Xilinx10.1/ISE/bin/lin64/unwrapped/trce -ise
/afs/athena.mit.edu/user/m/k/mkel/Desktop/6.111/finalproject/6.111/catch2/catch2.ise
-intstyle ise -v 3 -s 4 -xml catch catch.ncd -o catch.twr catch.pcf -ucf
labkit.ucf

Design file:              catch.ncd
Physical constraint file: catch.pcf
Device,package,speed:     xc2v6000,bf957,-4 (PRODUCTION 1.121 2008-07-25, STEPPING level 0)
Report level:             verbose report

Environment Variable      Effect 
--------------------      ------ 
NONE                      No environment variables were set
--------------------------------------------------------------------------------

INFO:Timing:2698 - No timing constraints found, doing default enumeration.
INFO:Timing:2752 - To get complete path coverage, use the unconstrained paths 
   option. All paths that are not constrained will be reported in the 
   unconstrained paths section(s) of the report.
INFO:Timing:3339 - The clock-to-out numbers in this timing report are based on 
   a 50 Ohm transmission line loading model.  For the details of this model, 
   and for more information on accounting for different loading conditions, 
   please see the device datasheet.



Data Sheet report:
-----------------
All values displayed in nanoseconds (ns)

Setup/Hold to clock clock_27mhz
------------+------------+------------+------------------+--------+
            |  Setup to  |  Hold to   |                  | Clock  |
Source      | clk (edge) | clk (edge) |Internal Clock(s) | Phase  |
------------+------------+------------+------------------+--------+
button0     |    8.495(R)|   -1.073(R)|clock_27mhz_IBUFG |   0.000|
button1     |    8.797(R)|   -1.135(R)|clock_27mhz_IBUFG |   0.000|
button_enter|    7.809(R)|   -1.924(R)|clock_27mhz_IBUFG |   0.000|
switch<0>   |    8.564(R)|   -3.626(R)|clock_27mhz_IBUFG |   0.000|
switch<1>   |    7.831(R)|   -1.418(R)|clock_27mhz_IBUFG |   0.000|
------------+------------+------------+------------------+--------+

Clock clock_27mhz to Pad
----------------+------------+------------------+--------+
                | clk (edge) |                  | Clock  |
Destination     |   to PAD   |Internal Clock(s) | Phase  |
----------------+------------+------------------+--------+
led<0>          |   22.479(R)|clock_27mhz_IBUFG |   0.000|
vga_out_blank_b |   10.869(R)|clock_27mhz_IBUFG |   0.000|
vga_out_blue<0> |   11.365(R)|clock_27mhz_IBUFG |   0.000|
vga_out_blue<1> |   11.619(R)|clock_27mhz_IBUFG |   0.000|
vga_out_blue<2> |   10.716(R)|clock_27mhz_IBUFG |   0.000|
vga_out_blue<3> |    9.891(R)|clock_27mhz_IBUFG |   0.000|
vga_out_blue<4> |   10.613(R)|clock_27mhz_IBUFG |   0.000|
vga_out_blue<5> |   10.250(R)|clock_27mhz_IBUFG |   0.000|
vga_out_blue<6> |   10.287(R)|clock_27mhz_IBUFG |   0.000|
vga_out_blue<7> |   10.285(R)|clock_27mhz_IBUFG |   0.000|
vga_out_green<0>|   10.772(R)|clock_27mhz_IBUFG |   0.000|
vga_out_green<1>|   11.728(R)|clock_27mhz_IBUFG |   0.000|
vga_out_green<2>|    9.854(R)|clock_27mhz_IBUFG |   0.000|
vga_out_green<3>|   10.508(R)|clock_27mhz_IBUFG |   0.000|
vga_out_green<4>|   11.793(R)|clock_27mhz_IBUFG |   0.000|
vga_out_green<5>|   11.033(R)|clock_27mhz_IBUFG |   0.000|
vga_out_green<6>|   11.356(R)|clock_27mhz_IBUFG |   0.000|
vga_out_green<7>|   11.079(R)|clock_27mhz_IBUFG |   0.000|
vga_out_hsync   |   11.705(R)|clock_27mhz_IBUFG |   0.000|
vga_out_red<0>  |   11.145(R)|clock_27mhz_IBUFG |   0.000|
vga_out_red<1>  |   11.014(R)|clock_27mhz_IBUFG |   0.000|
vga_out_red<2>  |   10.859(R)|clock_27mhz_IBUFG |   0.000|
vga_out_red<3>  |   11.087(R)|clock_27mhz_IBUFG |   0.000|
vga_out_red<4>  |   11.503(R)|clock_27mhz_IBUFG |   0.000|
vga_out_red<5>  |   10.694(R)|clock_27mhz_IBUFG |   0.000|
vga_out_red<6>  |   11.576(R)|clock_27mhz_IBUFG |   0.000|
vga_out_red<7>  |   11.132(R)|clock_27mhz_IBUFG |   0.000|
vga_out_vsync   |   12.322(R)|clock_27mhz_IBUFG |   0.000|
----------------+------------+------------------+--------+

Clock to Setup on destination clock clock_27mhz
---------------+---------+---------+---------+---------+
               | Src:Rise| Src:Fall| Src:Rise| Src:Fall|
Source Clock   |Dest:Rise|Dest:Rise|Dest:Fall|Dest:Fall|
---------------+---------+---------+---------+---------+
clock_27mhz    |   15.030|         |         |         |
---------------+---------+---------+---------+---------+

Pad to Pad
---------------+-------------------+---------+
Source Pad     |Destination Pad    |  Delay  |
---------------+-------------------+---------+
clock_27mhz    |vga_out_pixel_clock|   11.472|
---------------+-------------------+---------+


Analysis completed Sat Dec  7 16:01:32 2013 
--------------------------------------------------------------------------------

Trace Settings:
-------------------------
Trace Settings 

Peak Memory Usage: 364 MB



