MO xvga NULL xvga.v vlg02/xvga.bin 1386451610
MO closed_hand_l_color_map NULL ../sources/roms/closed_hand_l_color_map/closed_hand_l_color_map.v vlg2E/closed__hand__l__color__map.bin 1386451609
MO draw_p1 NULL ../sources/draw_p1.v vlg32/draw__p1.bin 1386451610
MO draw_p2 NULL ../sources/draw_p2.v vlg33/draw__p2.bin 1386451610
MO ballSM NULL ballSM.v vlg4F/ball_s_m.bin 1386451610
MO open_hand_l_color_map NULL ../sources/roms/open_hand_l_color_map/open_hand_l_color_map.v vlg12/open__hand__l__color__map.bin 1386451609
MO get_map_address NULL ../sources/get_map_address.v vlg26/get__map__address.bin 1386451610
MO holding_ball_l_color_table NULL ../sources/roms/holding_ball_l_color_table/holding_ball_l_color_table.v vlg17/holding__ball__l__color__table.bin 1386451609
MO debounce NULL debounce.v vlg1D/debounce.bin 1386451610
MO global_coords NULL global_coords.v vlg42/global__coords.bin 1386451610
MO catch NULL catch.v vlg3B/catch.bin 1386451610
MO closed_hand_color_table NULL ../sources/roms/closed_hand_color_table/closed_hand_color_table.v vlg01/closed__hand__color__table.bin 1386451609
MO holding_ball_l_color_map NULL ../sources/roms/holding_ball_l_color_map/holding_ball_l_color_map.v vlg65/holding__ball__l__color__map.bin 1386451609
MO closed_hand_color_map NULL ../sources/roms/closed_hand_color_map/closed_hand_color_map.v vlg5F/closed__hand__color__map.bin 1386451610
MO draw_ball NULL ../sources/draw_ball.v vlg44/draw__ball.bin 1386451610
MO catch_game NULL catch_game.v vlg70/catch__game.bin 1386451610
MO open_hand_color_table NULL ../sources/roms/open_hand_color_table/open_hand_color_table.v vlg65/open__hand__color__table.bin 1386451609
MO open_hand_color_map NULL ../sources/roms/open_hand_color_map/open_hand_color_map.v vlg63/open__hand__color__map.bin 1386451609
MO ball_color_table NULL ../sources/roms/ball_color_table/ball_color_table.v vlg24/ball__color__table.bin 1386451610
MO holding_ball_color_map NULL ../sources/roms/holding_ball_color_map/holding_ball_color_map.v vlg2E/holding__ball__color__map.bin 1386451609
MO coords_to_pixel NULL coords_to_pixel.v vlg29/coords__to__pixel.bin 1386451610
MO holding_ball_color_table NULL ../sources/roms/holding_ball_color_table/holding_ball_color_table.v vlg38/holding__ball__color__table.bin 1386451609
MO ball_color_map NULL ../sources/roms/ball_color_map/ball_color_map.v vlg7A/ball__color__map.bin 1386451610
